###############################################################################
#                                                                             #
# IAR ELF Linker V6.30.1.53127/W32 for ARM              19/Oct/2016  19:52:05 #
# Copyright 2007-2011 IAR Systems AB.                                         #
#                                                                             #
#    Output file  =  C:\Users\Ben\Desktop\hsmouc\Debug\Exe\tiaoshi.out        #
#    Map file     =  C:\Users\Ben\Desktop\hsmouc\Debug\List\tiaoshi.map       #
#    Command line =  C:\Users\Ben\Desktop\hsmouc\Debug\Obj\AT24C1024.o        #
#                    C:\Users\Ben\Desktop\hsmouc\Debug\Obj\D_SCCB.o           #
#                    C:\Users\Ben\Desktop\hsmouc\Debug\Obj\LED.o              #
#                    C:\Users\Ben\Desktop\hsmouc\Debug\Obj\MPU6050.o          #
#                    C:\Users\Ben\Desktop\hsmouc\Debug\Obj\NRF24L01.o         #
#                    C:\Users\Ben\Desktop\hsmouc\Debug\Obj\OV7725.o           #
#                    C:\Users\Ben\Desktop\hsmouc\Debug\Obj\PIT.o              #
#                    C:\Users\Ben\Desktop\hsmouc\Debug\Obj\adc0.o             #
#                    C:\Users\Ben\Desktop\hsmouc\Debug\Obj\alloc.o            #
#                    C:\Users\Ben\Desktop\hsmouc\Debug\Obj\arm_cm4.o          #
#                    C:\Users\Ben\Desktop\hsmouc\Debug\Obj\assert.o           #
#                    C:\Users\Ben\Desktop\hsmouc\Debug\Obj\crt0.o             #
#                    C:\Users\Ben\Desktop\hsmouc\Debug\Obj\delay.o            #
#                    C:\Users\Ben\Desktop\hsmouc\Debug\Obj\dma.o              #
#                    C:\Users\Ben\Desktop\hsmouc\Debug\Obj\exti.o             #
#                    C:\Users\Ben\Desktop\hsmouc\Debug\Obj\gpio.o             #
#                    C:\Users\Ben\Desktop\hsmouc\Debug\Obj\iic.o              #
#                    C:\Users\Ben\Desktop\hsmouc\Debug\Obj\iic2.o             #
#                    C:\Users\Ben\Desktop\hsmouc\Debug\Obj\init_GPIO.o        #
#                    C:\Users\Ben\Desktop\hsmouc\Debug\Obj\io.o               #
#                    C:\Users\Ben\Desktop\hsmouc\Debug\Obj\isr.o              #
#                    C:\Users\Ben\Desktop\hsmouc\Debug\Obj\lptmr.o            #
#                    C:\Users\Ben\Desktop\hsmouc\Debug\Obj\main.o             #
#                    C:\Users\Ben\Desktop\hsmouc\Debug\Obj\mcg.o              #
#                    C:\Users\Ben\Desktop\hsmouc\Debug\Obj\memtest.o          #
#                    C:\Users\Ben\Desktop\hsmouc\Debug\Obj\pca9685.o          #
#                    C:\Users\Ben\Desktop\hsmouc\Debug\Obj\printf.o           #
#                    C:\Users\Ben\Desktop\hsmouc\Debug\Obj\queue.o            #
#                    C:\Users\Ben\Desktop\hsmouc\Debug\Obj\servo.o            #
#                    C:\Users\Ben\Desktop\hsmouc\Debug\Obj\spi.o              #
#                    C:\Users\Ben\Desktop\hsmouc\Debug\Obj\start.o            #
#                    C:\Users\Ben\Desktop\hsmouc\Debug\Obj\startup.o          #
#                    C:\Users\Ben\Desktop\hsmouc\Debug\Obj\stdlib.o           #
#                    C:\Users\Ben\Desktop\hsmouc\Debug\Obj\sysinit.o          #
#                    C:\Users\Ben\Desktop\hsmouc\Debug\Obj\uart.o             #
#                    C:\Users\Ben\Desktop\hsmouc\Debug\Obj\uif.o              #
#                    C:\Users\Ben\Desktop\hsmouc\Debug\Obj\vectors.o          #
#                    C:\Users\Ben\Desktop\hsmouc\Debug\Obj\wdog.o -o          #
#                    C:\Users\Ben\Desktop\hsmouc\Debug\Exe\tiaoshi.out --map  #
#                    C:\Users\Ben\Desktop\hsmouc\Debug\List\tiaoshi.map       #
#                    --config "C:\Users\Ben\Desktop\hsmouc\build\config       #
#                    files\fire_ROM_K60N512.icf" --semihosting --entry        #
#                    __iar_program_start --vfe                                #
#                                                                             #
#                                                                             #
###############################################################################

*******************************************************************************
*** RUNTIME MODEL ATTRIBUTES
***

CppFlavor       = *
__SystemLibrary = DLib


*******************************************************************************
*** PLACEMENT SUMMARY
***

"A1":  place at 0x00000000 { ro section .intvec };
"A2":  place at 0x00000410 { ro section .noinit };
"P1":  place in [from 0x00000000 to 0x00040000] { ro, block CodeRelocate };
"P2":  place in [from 0x1fff0410 to 0x20010000] {
          rw, block CodeRelocateRam, block CSTACK, block HEAP };

  Section              Kind        Address     Size  Object
  -------              ----        -------     ----  ------
"A1":                                         0x410
  .intvec              const    0x00000000    0x410  vectors.o [1]
                              - 0x00000410    0x410

"A2":                                          0x3c
  .noinit              ro code  0x00000410     0x3c  crt0.o [1]
                              - 0x0000044c     0x3c

"P1":                                        0x4260
  .text                ro code  0x0000044c    0x8fc  servo.o [1]
  .text                ro code  0x00000d48    0x1ac  iic.o [1]
  .text                ro code  0x00000ef4     0x70  PIT.o [1]
  .text                ro code  0x00000f64     0xa8  pca9685.o [1]
  .text                ro code  0x0000100c     0xc4  gpio.o [1]
  .text                ro code  0x000010d0    0x158  init_GPIO.o [1]
  .text                ro code  0x00001228    0x128  arm_cm4.o [1]
  .text                ro code  0x00001350     0x1e  I32ToFlt.o [4]
  .text                ro code  0x0000136e     0x22  zero_init3.o [5]
  .text                ro code  0x00001390     0x4e  FltToDbl.o [4]
  .rodata              const    0x000013de      0x2  OV7725.o [1]
  .text                ro code  0x000013e0    0x246  DblDiv.o [4]
  .text                ro code  0x00001626      0x2  vectors.o [1]
  .text                ro code  0x00001628     0x90  DblToFlt.o [4]
  .text                ro code  0x000016b8     0x24  FltToU32.o [4]
  .text                ro code  0x000016dc     0x20  assert.o [1]
  .text                ro code  0x000016fc    0x55c  printf.o [1]
  .text                ro code  0x00001c58    0x220  LED.o [1]
  .text                ro code  0x00001e78     0x20  stdlib.o [1]
  .text                ro code  0x00001e98     0x24  delay.o [1]
  .text                ro code  0x00001ebc    0x520  start.o [1]
  .text                ro code  0x000023dc     0x38  wdog.o [1]
  .text                ro code  0x00002414     0xc0  startup.o [1]
  .text                ro code  0x000024d4     0x5c  sysinit.o [1]
  .text                ro code  0x00002530    0x13c  main.o [1]
  Veneer               ro code  0x0000266c      0x8  - Linker created -
  .text                ro code  0x00002674    0x2f4  mcg.o [1]
  .text                ro code  0x00002968    0x364  uart.o [1]
  .text                ro code  0x00002ccc    0x3dc  isr.o [1]
  .text                ro code  0x000030a8    0x278  OV7725.o [1]
  .text                ro code  0x00003320    0x2ee  AT24C1024.o [1]
  .text                ro code  0x00003610     0x78  NRF24L01.o [1]
  .text                ro code  0x00003688     0x6c  exti.o [1]
  .text                ro code  0x000036f4    0x324  dma.o [1]
  .text                ro code  0x00003a18    0x416  D_SCCB.o [1]
  .text                ro code  0x00003e30     0x44  lptmr.o [1]
  .data_init                    0x00003e74    0x144  <Block>
    Initializer bytes  ro data  0x00003e74    0x144  <for .data-1>
  CodeRelocate                  0x00003fb8     0x50  <Block>
    Initializer bytes  ro data  0x00003fb8     0x50  <for CodeRelocateRam-1>
  .rodata              const    0x00004008     0x48  assert.o [1]
  .rodata              const    0x00004050     0x48  start.o [1]
  .rodata              const    0x00004098     0x40  start.o [1]
  .rodata              const    0x000040d8     0x3c  arm_cm4.o [1]
  .rodata              const    0x00004114     0x38  arm_cm4.o [1]
  .rodata              const    0x0000414c     0x34  dma.o [1]
  .rodata              const    0x00004180     0x34  gpio.o [1]
  .text                ro code  0x000041b4     0x2c  data_init3.o [5]
  .rodata              const    0x000041e0     0x28  start.o [1]
  .rodata              const    0x00004208     0x24  OV7725.o [1]
  .iar.init_table      const    0x0000422c     0x10  - Linker created -
  .rodata              const    0x0000423c     0x20  OV7725.o [1]
  .rodata              const    0x0000425c     0x20  OV7725.o [1]
  .rodata              const    0x0000427c     0x20  start.o [1]
  .rodata              const    0x0000429c     0x20  start.o [1]
  .rodata              const    0x000042bc     0x20  start.o [1]
  .rodata              const    0x000042dc     0x1c  start.o [1]
  .rodata              const    0x000042f8     0x1c  start.o [1]
  .rodata              const    0x00004314     0x1c  start.o [1]
  .rodata              const    0x00004330     0x18  OV7725.o [1]
  .rodata              const    0x00004348     0x18  start.o [1]
  .rodata              const    0x00004360     0x18  start.o [1]
  .rodata              const    0x00004378     0x18  start.o [1]
  .rodata              const    0x00004390     0x18  start.o [1]
  .rodata              const    0x000043a8     0x18  start.o [1]
  .rodata              const    0x000043c0     0x18  start.o [1]
  .rodata              const    0x000043d8     0x18  start.o [1]
  .rodata              const    0x000043f0     0x18  start.o [1]
  .text                ro code  0x00004408     0x16  cmain.o [5]
  .text                ro code  0x0000441e      0x4  low_level_init.o [3]
  .text                ro code  0x00004422      0x4  exit.o [3]
  .text                ro code  0x00004428      0xa  cexit.o [5]
  .text                ro code  0x00004434     0x14  exit.o [6]
  .rodata              const    0x00004448     0x14  OV7725.o [1]
  .rodata              const    0x0000445c     0x14  start.o [1]
  .rodata              const    0x00004470     0x14  start.o [1]
  .rodata              const    0x00004484     0x14  start.o [1]
  .rodata              const    0x00004498     0x14  start.o [1]
  .rodata              const    0x000044ac     0x14  start.o [1]
  .rodata              const    0x000044c0     0x14  start.o [1]
  .rodata              const    0x000044d4     0x14  start.o [1]
  .rodata              const    0x000044e8     0x14  start.o [1]
  .rodata              const    0x000044fc     0x14  start.o [1]
  .rodata              const    0x00004510     0x14  start.o [1]
  .rodata              const    0x00004524     0x10  OV7725.o [1]
  .rodata              const    0x00004534     0x10  start.o [1]
  .rodata              const    0x00004544     0x10  start.o [1]
  .rodata              const    0x00004554     0x10  start.o [1]
  .rodata              const    0x00004564     0x10  start.o [1]
  .rodata              const    0x00004574     0x10  start.o [1]
  .rodata              const    0x00004584     0x10  start.o [1]
  .rodata              const    0x00004594     0x10  start.o [1]
  .rodata              const    0x000045a4     0x10  start.o [1]
  .rodata              const    0x000045b4     0x10  start.o [1]
  .rodata              const    0x000045c4     0x10  start.o [1]
  .rodata              const    0x000045d4     0x10  start.o [1]
  .rodata              const    0x000045e4     0x10  start.o [1]
  .rodata              const    0x000045f4     0x10  start.o [1]
  .rodata              const    0x00004604     0x10  start.o [1]
  .text                ro code  0x00004614     0x10  io.o [1]
  .rodata              const    0x00004624      0xc  start.o [1]
  .rodata              const    0x00004630      0xc  start.o [1]
  .rodata              const    0x0000463c      0xc  start.o [1]
  .rodata              const    0x00004648      0xc  start.o [1]
  .rodata              const    0x00004654      0xc  start.o [1]
  .text                ro code  0x00004660      0xc  cstartup_M.o [5]
  .rodata              const    0x0000466c      0x8  start.o [1]
  .rodata              const    0x00004674      0x8  start.o [1]
  .rodata              const    0x0000467c      0x8  start.o [1]
  .rodata              const    0x00004684      0x8  start.o [1]
  .rodata              const    0x0000468c      0x8  start.o [1]
  .rodata              const    0x00004694      0x8  start.o [1]
  .rodata              const    0x0000469c      0x8  start.o [1]
  .rodata              const    0x000046a4      0x8  start.o [1]
  .rodata              const    0x000046ac      0x0  bwt_init3c.o [5]
                              - 0x000046ac   0x4260

"P2", part 1 of 2:                            0x194
  .data                         0x1fff0410    0x144  <Block>
    .data-1                     0x1fff0410    0x144  <Init block>
      .data            inited   0x1fff0410      0x1  OV7725.o [1]
      .data            inited   0x1fff0414     0x64  OV7725.o [1]
      .data            inited   0x1fff0478      0x1  OV7725.o [1]
      .data            inited   0x1fff047c     0x14  gpio.o [1]
      .data            inited   0x1fff0490     0x14  gpio.o [1]
      .data            inited   0x1fff04a4      0x1  isr.o [1]
      .data            inited   0x1fff04a5      0x1  isr.o [1]
      .data            inited   0x1fff04a8      0x4  main.o [1]
      .data            inited   0x1fff04ac      0x8  mcg.o [1]
      .data            inited   0x1fff04b4     0x48  pca9685.o [1]
      .data            inited   0x1fff04fc     0x40  pca9685.o [1]
      .data            inited   0x1fff053c     0x18  uart.o [1]
  CodeRelocateRam               0x1fff0554     0x50  <Block>
    CodeRelocateRam-1           0x1fff0554     0x50  <Init block>
      .textrw          inited   0x1fff0554     0x50  mcg.o [1]
                              - 0x1fff05a4    0x194

"P2", part 2 of 2:                          0x17c8c
  .bss                          0x1fff05a4  0x17c8c  <Block>
    .bss               zero     0x1fff05a4      0x4  OV7725.o [1]
    .bss               zero     0x1fff05a8      0x4  isr.o [1]
    .bss               zero     0x1fff05ac      0x4  isr.o [1]
    .bss               zero     0x1fff05b0     0x64  isr.o [1]
    .bss               zero     0x1fff0614     0x80  isr.o [1]
    .bss               zero     0x1fff0694     0x80  isr.o [1]
    .bss               zero     0x1fff0714     0x20  isr.o [1]
    .bss               zero     0x1fff0734     0x20  isr.o [1]
    .bss               zero     0x1fff0754   0x2710  isr.o [1]
    .bss               zero     0x1fff2e64      0x4  isr.o [1]
    .bss               zero     0x1fff2e68      0x4  main.o [1]
    .bss               zero     0x1fff2e6c      0x4  main.o [1]
    .bss               zero     0x1fff2e70   0x2580  main.o [1]
    .bss               zero     0x1fff53f0  0x12c00  main.o [1]
    .bss               zero     0x20007ff0      0x4  main.o [1]
    .bss               zero     0x20007ff4     0x80  servo.o [1]
    .bss               zero     0x20008074     0x80  servo.o [1]
    .bss               zero     0x200080f4     0x80  servo.o [1]
    .bss               zero     0x20008174     0x80  servo.o [1]
    .bss               zero     0x200081f4     0x20  servo.o [1]
    .bss               zero     0x20008214      0x4  servo.o [1]
    .bss               zero     0x20008218      0x4  sysinit.o [1]
    .bss               zero     0x2000821c      0x4  sysinit.o [1]
    .bss               zero     0x20008220      0x4  sysinit.o [1]
    .bss               zero     0x20008224      0x1  iic.o [1]
    .bss               zero     0x20008225      0x1  isr.o [1]
    .bss               zero     0x20008226      0x1  isr.o [1]
    .bss               zero     0x20008227      0x1  isr.o [1]
    .bss               zero     0x20008228      0x1  isr.o [1]
    .bss               zero     0x20008229      0x1  isr.o [1]
    .bss               zero     0x2000822a      0x1  isr.o [1]
    .bss               zero     0x2000822b      0x1  servo.o [1]
    .bss               zero     0x2000822c      0x1  servo.o [1]
    .bss               zero     0x2000822d      0x1  uart.o [1]
    .bss               zero     0x2000822e      0x1  uart.o [1]
    .bss               zero     0x2000822f      0x1  uart.o [1]
                              - 0x20008230  0x17c8c


*******************************************************************************
*** INIT TABLE
***

          Address     Size
          -------     ----
Zero (__iar_zero_init3)
    1 destination range, total size 0x17c8c:
          0x1fff05a4  0x17c8c



*******************************************************************************
*** MODULE SUMMARY
***

    Module            ro code  rw code  ro data  rw data
    ------            -------  -------  -------  -------
C:\Users\Ben\Desktop\hsmouc\Debug\Obj: [1]
    AT24C1024.o           750
    D_SCCB.o            1 046
    LED.o                 544
    NRF24L01.o            120
    OV7725.o              632               267      106
    PIT.o                 112
    arm_cm4.o             296               116
    assert.o               32                72
    crt0.o                 60
    delay.o                36
    dma.o                 804                52
    exti.o                108
    gpio.o                196                95       40
    iic.o                 428                          1
    init_GPIO.o           344
    io.o                   16
    isr.o                 988                 2   10 440
    lptmr.o                68
    main.o                316                 6   86 416
    mcg.o                 756       80       88        8
    pca9685.o             168               136      136
    printf.o            1 372
    servo.o             2 300                        550
    start.o             1 312             1 096
    startup.o             192
    stdlib.o               32
    sysinit.o              92                         12
    uart.o                868                24       27
    vectors.o               2             1 040
    wdog.o                 56
    ----------------------------------------------------
    Total:             14 046       80    2 994   97 736

command line: [2]
    ----------------------------------------------------
    Total:

dl7M_tln.a: [3]
    exit.o                  4
    low_level_init.o        4
    ----------------------------------------------------
    Total:                  8

m7M_tl.a: [4]
    DblDiv.o              582
    DblToFlt.o            144
    FltToDbl.o             78
    FltToU32.o             36
    I32ToFlt.o             30
    ----------------------------------------------------
    Total:                870

rt7M_tl.a: [5]
    bwt_init3c.o
    cexit.o                10
    cmain.o                22
    cstartup_M.o           12
    data_init3.o           44
    zero_init3.o           34
    ----------------------------------------------------
    Total:                122

shb_l.a: [6]
    exit.o                 20
    ----------------------------------------------------
    Total:                 20

    Gaps                    8                          8
    Linker created          8                16
--------------------------------------------------------
    Grand Total:       15 082       80    3 010   97 744


*******************************************************************************
*** ENTRY LIST
***

Entry                      Address     Size  Type      Object
-----                      -------     ----  ----      ------
.bss$$Base              0x1fff05a4            --   Gb  - Linker created -
.bss$$Limit             0x20008230            --   Gb  - Linker created -
.data$$Base             0x1fff0410            --   Gb  - Linker created -
.data$$Limit            0x1fff0554            --   Gb  - Linker created -
.data_init$$Base        0x00003e74            --   Gb  - Linker created -
.data_init$$Limit       0x00003fb8            --   Gb  - Linker created -
?main                   0x00004409           Code  Gb  cmain.o [5]
ASSERT_FAILED_STR       0x00004008     0x48  Data  Gb  assert.o [1]
AT24C1024_Init          0x00003551     0x28  Code  Gb  AT24C1024.o [1]
AutoWritePCA9685_TAB    0x1fff04b4     0x48  Data  Gb  pca9685.o [1]
CodeRelocate$$Base      0x00003fb8            --   Gb  - Linker created -
CodeRelocate$$Limit     0x00004008            --   Gb  - Linker created -
CodeRelocateRam$$Base   0x1fff0554            --   Gb  - Linker created -
CodeRelocateRam$$Limit  0x1fff05a4            --   Gb  - Linker created -
DMA0_IRQHandler         0x0000302f     0x14  Code  Gb  isr.o [1]
DMA_PORTx2BUFF_Init     0x000036f5    0x2f0  Code  Gb  dma.o [1]
DelayUs                 0x00000d49     0x22  Code  Gb  iic.o [1]
DelayUs1                0x00003321     0x22  Code  Gb  AT24C1024.o [1]
GPIOx                   0x1fff047c     0x14  Data  Gb  gpio.o [1]
IIC1_Init               0x00003343     0x34  Code  Gb  AT24C1024.o [1]
IIC1_ReadByte           0x000034c7     0x82  Code  Gb  AT24C1024.o [1]
IIC1_SendByte           0x00003441     0x86  Code  Gb  AT24C1024.o [1]
IIC1_Start              0x00003377     0x40  Code  Gb  AT24C1024.o [1]
IIC1_Stop               0x000033b7     0x40  Code  Gb  AT24C1024.o [1]
IIC_Ack                 0x000033f7     0x4a  Code  Gb  AT24C1024.o [1]
IIC_Init                0x00000d6b     0x3c  Code  Gb  iic.o [1]
IIC_SendByte            0x00000e3b     0xb2  Code  Gb  iic.o [1]
IIC_Start               0x00000da7     0x54  Code  Gb  iic.o [1]
IIC_Stop                0x00000dfb     0x40  Code  Gb  iic.o [1]
IMG_BUFF                0x1fff05a4      0x4  Data  Gb  OV7725.o [1]
LED                     0x00001ce1    0x15a  Code  Gb  LED.o [1]
LED_init                0x00001c59     0x88  Code  Gb  LED.o [1]
LEdge                   0x1fff2e68      0x4  Data  Gb  main.o [1]
NRF_Init                0x00003611     0x70  Code  Gb  NRF24L01.o [1]
Ov7725_Init             0x00003135     0x18  Code  Gb  OV7725.o [1]
Ov7725_exti_Init        0x000030a9     0x4e  Code  Gb  OV7725.o [1]
Ov7725_reg_Init         0x0000314d    0x106  Code  Lc  OV7725.o [1]
PCA9685PWM_convert      0x00000f91     0x70  Code  Gb  pca9685.o [1]
PIT0_IRQHandler         0x00000cfd     0x1c  Code  Gb  servo.o [1]
PIT1_IRQHandler         0x00002fc5      0xe  Code  Gb  isr.o [1]
PORTC_IRQHandler        0x00002fd5     0x5a  Code  Gb  isr.o [1]
PORTE_IRQHandler        0x00003045     0x36  Code  Gb  isr.o [1]
PORTX                   0x1fff0490     0x14  Data  Gb  gpio.o [1]
REdge                   0x1fff2e6c      0x4  Data  Gb  main.o [1]
ReadAT24C1024_byte      0x00003579     0x66  Code  Gb  AT24C1024.o [1]
ReadAT24C1024_flash     0x000035df     0x30  Code  Gb  AT24C1024.o [1]
Region$$Table$$Base     0x0000422c            --   Gb  - Linker created -
Region$$Table$$Limit    0x0000423c            --   Gb  - Linker created -
Reset_Handler           0x00000411           Code  Gb  crt0.o [1]
SCCB_Ack                0x00003b39     0x4c  Code  Lc  D_SCCB.o [1]
SCCB_GPIO_init          0x00003a33     0x34  Code  Gb  D_SCCB.o [1]
SCCB_NoAck              0x00003b85     0x4c  Code  Lc  D_SCCB.o [1]
SCCB_ReadByte           0x00003d7d     0x2c  Code  Gb  D_SCCB.o [1]
SCCB_ReadByte_one       0x00003da9     0x86  Code  Lc  D_SCCB.o [1]
SCCB_ReceiveByte        0x00003c97     0x70  Code  Lc  D_SCCB.o [1]
SCCB_SendByte           0x00003c43     0x54  Code  Lc  D_SCCB.o [1]
SCCB_Start              0x00003a67     0x8e  Code  Lc  D_SCCB.o [1]
SCCB_Stop               0x00003af5     0x44  Code  Lc  D_SCCB.o [1]
SCCB_WaitAck            0x00003bd1     0x72  Code  Lc  D_SCCB.o [1]
SCCB_WriteByte          0x00003d0d     0x28  Code  Gb  D_SCCB.o [1]
SCCB_WriteByte_one      0x00003d35     0x48  Code  Lc  D_SCCB.o [1]
SCCB_delay              0x00003a19     0x1a  Code  Lc  D_SCCB.o [1]
SERVO_Control_all       0x00000b67    0x110  Code  Gb  servo.o [1]
SERVO_control           0x00000c77     0x62  Code  Gb  servo.o [1]
SERVO_run_all           0x00000cd9     0x24  Code  Gb  servo.o [1]
Servo_Init              0x0000044d     0x94  Code  Gb  servo.o [1]
Servo_Run               0x000004e1    0x686  Code  Gb  servo.o [1]
UARTx                   0x1fff053c     0x18  Data  Gb  uart.o [1]
WritePCA9685REG_1       0x00000f65     0x2c  Code  Gb  pca9685.o [1]
__BOOT_STACK_ADDRESS {Abs}
                        0x2000fff8            --   Gb  command line/config [2]
__VECTOR_RAM {Abs}      0x1fff0000            --   Gb  command line/config [2]
__VECTOR_TABLE {Abs}    0x00000000            --   Gb  command line/config [2]
__aeabi_d2f             0x00001629           Code  Gb  DblToFlt.o [4]
__aeabi_ddiv            0x000013e1           Code  Gb  DblDiv.o [4]
__aeabi_f2d             0x00001391           Code  Gb  FltToDbl.o [4]
__aeabi_f2uiz           0x000016b9           Code  Gb  FltToU32.o [4]
__aeabi_ui2f            0x00001351           Code  Gb  I32ToFlt.o [4]
__cmain                 0x00004409           Code  Gb  cmain.o [5]
__code_start__ {Abs}    0x00000410            --   Gb  command line/config [2]
__exit                  0x00004435     0x14  Code  Gb  exit.o [6]
__iar_SB                0x000046ac           Data  Gb  bwt_init3c.o [5]
__iar_data_init3        0x000041b5     0x2c  Code  Gb  data_init3.o [5]
__iar_program_start     0x00004661           Code  Gb  cstartup_M.o [5]
__iar_ui2f              0x00001355           Code  Gb  I32ToFlt.o [4]
__iar_zero_init3        0x0000136f     0x22  Code  Gb  zero_init3.o [5]
__low_level_init        0x0000441f      0x4  Code  Gb  low_level_init.o [3]
__vector_table          0x00000000    0x410  Data  Gb  vectors.o [1]
_call_main              0x00004415           Code  Gb  cmain.o [5]
_exit                   0x00004429           Code  Gb  cexit.o [5]
_main                   0x0000441b           Code  Gb  cmain.o [5]
ack                     0x20008224      0x1  Data  Gb  iic.o [1]
angle_now               0x20008214      0x4  Data  Gb  servo.o [1]
assert_failed           0x000016dd     0x20  Code  Gb  assert.o [1]
bus_clk_khz             0x20008220      0x4  Data  Gb  sysinit.o [1]
cfgnum                  0x1fff0478      0x1  Data  Gb  OV7725.o [1]
common_startup          0x00002415     0xc0  Code  Gb  startup.o [1]
core_clk_khz            0x20008218      0x4  Data  Gb  sysinit.o [1]
core_clk_mhz            0x2000821c      0x4  Data  Gb  sysinit.o [1]
cpu_identify            0x00001feb    0x20a  Code  Gb  start.o [1]
default_isr             0x00001627      0x2  Code  Gb  vectors.o [1]
delayms                 0x00001e99     0x1e  Code  Gb  delay.o [1]
disable_irq             0x000012c3     0x5e  Code  Gb  arm_cm4.o [1]
enable_irq              0x0000122f     0x94  Code  Gb  arm_cm4.o [1]
exit                    0x00004423      0x4  Code  Gb  exit.o [3]
exti_init               0x00003689     0x6c  Code  Gb  exti.o [1]
flash_identify          0x000021f5     0xbe  Code  Gb  start.o [1]
gpio_init               0x0000100d     0xb8  Code  Gb  gpio.o [1]
hw_read_mark            0x2000822a      0x1  Data  Gb  isr.o [1]
i                       0x1fff05a8      0x4  Data  Gb  isr.o [1]
image_bin               0x1fff2e70   0x2580  Data  Gb  main.o [1]
img                     0x1fff53f0  0x12c00  Data  Gb  main.o [1]
imgErr                  0x20007ff0      0x4  Data  Gb  main.o [1]
imgProcess              0x00002531     0x80  Code  Gb  main.o [1]
img_extract             0x00003253     0x8e  Code  Gb  OV7725.o [1]
img_flag                0x1fff0410      0x1  Data  Gb  OV7725.o [1]
j                       0x1fff05ac      0x4  Data  Gb  isr.o [1]
k                       0x2000822c      0x1  Data  Gb  servo.o [1]
kuozhan_pwm_TAB         0x1fff04fc     0x40  Data  Gb  pca9685.o [1]
main                    0x000025b1     0x9e  Code  Gb  main.o [1]
mcg_div                 0x1fff04ac      0x8  Data  Gb  mcg.o [1]
mid                     0x1fff04a8      0x4  Data  Gb  main.o [1]
motionCtr               0x00002d5d    0x1e0  Code  Gb  isr.o [1]
motionGet               0x00002ccd     0x90  Code  Gb  isr.o [1]
out_char                0x00004615     0x10  Code  Gb  io.o [1]
ov7727_get_img          0x000030f7     0x3e  Code  Gb  OV7725.o [1]
ov7727_reg              0x1fff0414     0x64  Data  Gb  OV7725.o [1]
pit_init                0x00000ef5     0x62  Code  Gb  PIT.o [1]
pll_init                0x00002675    0x2f4  Code  Gb  mcg.o [1]
printf                  0x00001c2f     0x26  Code  Gb  printf.o [1]
printk                  0x00001825    0x40a  Code  Gb  printf.o [1]
printk_mknumstr         0x0000172f     0xaa  Code  Lc  printf.o [1]
printk_pad_space        0x000017ff     0x26  Code  Lc  printf.o [1]
printk_pad_zero         0x000017d9     0x26  Code  Lc  printf.o [1]
printk_putc             0x000016fd     0x32  Code  Lc  printf.o [1]
read_PORT               0x000011ab     0x56  Code  Gb  init_GPIO.o [1]
read_mark               0x20008229      0x1  Data  Gb  isr.o [1]
receive_add             0x1fff2e64      0x4  Data  Gb  isr.o [1]
receive_true_mark       0x20008227      0x1  Data  Gb  isr.o [1]
servo_SQ                0x20008226      0x1  Data  Gb  isr.o [1]
servo_control_mark      0x1fff04a5      0x1  Data  Gb  isr.o [1]
servo_group_num         0x1fff05b0     0x64  Data  Gb  isr.o [1]
servo_init_mark         0x2000822b      0x1  Data  Gb  servo.o [1]
servo_num_set           0x1fff0714     0x20  Data  Gb  isr.o [1]
servo_position_now      0x20007ff4     0x80  Data  Gb  servo.o [1]
servo_position_set      0x1fff0614     0x80  Data  Gb  isr.o [1]
servo_run_over          0x1fff0734     0x20  Data  Gb  isr.o [1]
servo_run_over_mark     0x1fff04a4      0x1  Data  Gb  isr.o [1]
servo_time              0x200080f4     0x80  Data  Gb  servo.o [1]
servo_time_set          0x1fff0694     0x80  Data  Gb  isr.o [1]
set_PORT                0x000010d1     0xda  Code  Gb  init_GPIO.o [1]
set_sys_dividers        0x1fff0555     0x50  Code  Gb  mcg.o [1]
start                   0x00001ebd    0x12e  Code  Gb  start.o [1]
strlen                  0x00001e79     0x20  Code  Gb  stdlib.o [1]
sysinit                 0x000024d5     0x48  Code  Gb  sysinit.o [1]
system_init             0x00002f69     0x5a  Code  Gb  isr.o [1]
system_run_mark         0x20008225      0x1  Data  Gb  isr.o [1]
temp_Rx_dat             0x2000822d      0x1  Data  Gb  uart.o [1]
temp_Rx_dat1            0x2000822e      0x1  Data  Gb  uart.o [1]
temp_Rx_dat2            0x2000822f      0x1  Data  Gb  uart.o [1]
temp_position           0x20008074     0x80  Data  Gb  servo.o [1]
temp_servo_num          0x200081f4     0x20  Data  Gb  servo.o [1]
temp_time               0x20008174     0x80  Data  Gb  servo.o [1]
time_delay_ms           0x00003e31     0x32  Code  Gb  lptmr.o [1]
uart_Rx_dat             0x1fff0754   0x2710  Data  Gb  isr.o [1]
uart_getchar            0x00002b45     0x1a  Code  Gb  uart.o [1]
uart_init               0x00002969    0x1dc  Code  Gb  uart.o [1]
uart_irq_EN             0x00002b89     0x28  Code  Gb  uart.o [1]
uart_irq_Receive        0x00002bb1     0xba  Code  Gb  uart.o [1]
uart_putchar            0x00002b6f     0x1a  Code  Gb  uart.o [1]
uart_query              0x00002b5f     0x10  Code  Gb  uart.o [1]
uart_receive_mark       0x20008228      0x1  Data  Gb  isr.o [1]
water_lights            0x00001e49     0x30  Code  Gb  LED.o [1]
wdog_disable            0x000023dd     0x16  Code  Gb  wdog.o [1]
wdog_unlock             0x000023f5     0x16  Code  Gb  wdog.o [1]
write_vtor              0x00001229      0x6  Code  Gb  arm_cm4.o [1]


[1] = C:\Users\Ben\Desktop\hsmouc\Debug\Obj
[2] = command line
[3] = dl7M_tln.a
[4] = m7M_tl.a
[5] = rt7M_tl.a
[6] = shb_l.a

  15 082 bytes of readonly  code memory
      80 bytes of readwrite code memory
   3 010 bytes of readonly  data memory
  97 744 bytes of readwrite data memory

Errors: none
Warnings: none
